// Jest Snapshot v1, https://goo.gl/fbAQLP

exports[`<GraphNodeList /> renders correctly 1`] = `
<div
  className="ant-list Node-List-Item ant-list-sm ant-list-split"
>
  <div
    className="ant-list-header"
  >
    <span
      style={
        Object {
          "fontWeight": "bold",
          "padding": "14px",
        }
      }
    >
      Focused Nodes:
    </span>
  </div>
  <div
    className="ant-spin-nested-loading"
  >
    <div
      className="ant-spin-container"
    >
      <ul
        className="ant-list-items"
      >
        <li
          className="ant-list-item Node-List-Item"
          onMouseEnter={[Function]}
          onMouseLeave={[Function]}
          style={
            Object {
              "paddingBottom": "4px",
              "paddingLeft": "14px",
              "paddingTop": "4px",
            }
          }
        >
          <div
            onClick={[Function]}
          >
            node1
          </div>
        </li>
        <li
          className="ant-list-item Node-List-Item"
          onMouseEnter={[Function]}
          onMouseLeave={[Function]}
          style={
            Object {
              "paddingBottom": "4px",
              "paddingLeft": "14px",
              "paddingTop": "4px",
            }
          }
        >
          <div
            onClick={[Function]}
          >
            node2
          </div>
        </li>
        <li
          className="ant-list-item Node-List-Item"
          onMouseEnter={[Function]}
          onMouseLeave={[Function]}
          style={
            Object {
              "paddingBottom": "4px",
              "paddingLeft": "14px",
              "paddingTop": "4px",
            }
          }
        >
          <div
            onClick={[Function]}
          >
            node3
          </div>
        </li>
      </ul>
    </div>
  </div>
</div>
`;
