// Jest Snapshot v1, https://goo.gl/fbAQLP

exports[`<GraphNodeList /> renders correctly 1`] = `
<div
  className="ant-list Node-List-Item ant-list-sm ant-list-split"
>
  <div
    className="ant-list-header"
  >
    <span
      style={
        Object {
          "fontWeight": "bold",
          "padding": "14px",
        }
      }
    >
      Focused Nodes:
    </span>
  </div>
  <div
    className="ant-spin-nested-loading"
    style={null}
  >
    <div
      className="ant-spin-container"
    >
      <div
        className="ant-list-item Node-List-Item"
        onMouseEnter={[Function]}
        onMouseLeave={[Function]}
        style={
          Object {
            "paddingBottom": "4px",
            "paddingLeft": "14px",
            "paddingTop": "4px",
          }
        }
      >
        <div
          className="ant-list-item-content ant-list-item-content-single"
        >
          <div
            onClick={[Function]}
          >
            node1
          </div>
        </div>
      </div>
      <div
        className="ant-list-item Node-List-Item"
        onMouseEnter={[Function]}
        onMouseLeave={[Function]}
        style={
          Object {
            "paddingBottom": "4px",
            "paddingLeft": "14px",
            "paddingTop": "4px",
          }
        }
      >
        <div
          className="ant-list-item-content ant-list-item-content-single"
        >
          <div
            onClick={[Function]}
          >
            node2
          </div>
        </div>
      </div>
      <div
        className="ant-list-item Node-List-Item"
        onMouseEnter={[Function]}
        onMouseLeave={[Function]}
        style={
          Object {
            "paddingBottom": "4px",
            "paddingLeft": "14px",
            "paddingTop": "4px",
          }
        }
      >
        <div
          className="ant-list-item-content ant-list-item-content-single"
        >
          <div
            onClick={[Function]}
          >
            node3
          </div>
        </div>
      </div>
    </div>
  </div>
</div>
`;
