// Jest Snapshot v1, https://goo.gl/fbAQLP

exports[`<ListElementExperiment /> renders correctly 1`] = `
<div
  className="ant-card ObservationMatrixListItem ant-card-bordered ant-card-hoverable"
  onClick={[Function]}
>
  <div
    className="ant-card-head"
    style={Object {}}
  >
    <div
      className="ant-card-head-wrapper"
    >
      <div
        className="ant-card-head-title"
      >
        test
      </div>
    </div>
  </div>
  <div
    className="ant-card-body"
    style={Object {}}
  >
    <div
      className="ObservationMatrixListItemContent"
    >
      <p
        className="Description"
      />
      <div
        style={
          Object {
            "alignSelf": "flex-end",
          }
        }
      >
        <div
          style={
            Object {
              "width": 170,
            }
          }
        />
        <button
          className="ant-btn ListButton ant-btn-primary ant-btn-background-ghost"
          onClick={[Function]}
          type="button"
        >
          <span>
            Upload Ground Truth Graph
          </span>
        </button>
        <input
          accept=".gml"
          id="file"
          name="file"
          onChange={[Function]}
          onClick={[Function]}
          style={
            Object {
              "display": "none",
            }
          }
          type="file"
        />
        <button
          className="ant-btn ListButton ant-btn-primary ant-btn-background-ghost"
          onClick={[Function]}
          type="button"
        >
          <span>
            View
          </span>
        </button>
        <button
          className="ant-btn ListButton ant-btn-danger ant-btn-background-ghost"
          onClick={[Function]}
          onMouseDown={[Function]}
          onTouchStart={[Function]}
          type="button"
        >
          <i
            aria-label="icon: delete"
            className="anticon anticon-delete"
          >
            <svg
              aria-hidden="true"
              className=""
              data-icon="delete"
              fill="currentColor"
              focusable="false"
              height="1em"
              viewBox="64 64 896 896"
              width="1em"
            >
              <path
                d="M360 184h-8c4.4 0 8-3.6 8-8v8h304v-8c0 4.4 3.6 8 8 8h-8v72h72v-80c0-35.3-28.7-64-64-64H352c-35.3 0-64 28.7-64 64v80h72v-72zm504 72H160c-17.7 0-32 14.3-32 32v32c0 4.4 3.6 8 8 8h60.4l24.7 523c1.6 34.1 29.8 61 63.9 61h454c34.2 0 62.3-26.8 63.9-61l24.7-523H888c4.4 0 8-3.6 8-8v-32c0-17.7-14.3-32-32-32zM731.3 840H292.7l-24.2-512h487l-24.2 512z"
              />
            </svg>
          </i>
          <span>
            Delete
          </span>
        </button>
      </div>
    </div>
  </div>
</div>
`;
