// Jest Snapshot v1, https://goo.gl/fbAQLP

exports[`<GraphViewRadioNavigation /> renders correctly for route /graph-explorer/annotate 1`] = `
<div
  className="ant-radio-group ant-radio-group-solid ant-radio-group-small"
>
  <label
    className="ant-radio-button-wrapper"
  >
    <span
      className="ant-radio-button"
      style={Object {}}
    >
      <input
        checked={false}
        className="ant-radio-button-input"
        onBlur={[Function]}
        onChange={[Function]}
        onFocus={[Function]}
        type="radio"
        value="/graph-explorer/selection"
      />
      <span
        className="ant-radio-button-inner"
      />
    </span>
    <span>
      Selection
    </span>
  </label>
  <label
    className="ant-radio-button-wrapper ant-radio-button-wrapper-checked"
  >
    <span
      className="ant-radio-button ant-radio-button-checked"
      style={Object {}}
    >
      <input
        checked={true}
        className="ant-radio-button-input"
        onBlur={[Function]}
        onChange={[Function]}
        onFocus={[Function]}
        type="radio"
        value="/graph-explorer/annotate"
      />
      <span
        className="ant-radio-button-inner"
      />
    </span>
    <span>
      Expl. & Valid.
    </span>
  </label>
  <label
    className="ant-radio-button-wrapper"
  >
    <span
      className="ant-radio-button"
      style={Object {}}
    >
      <input
        checked={false}
        className="ant-radio-button-input"
        onBlur={[Function]}
        onChange={[Function]}
        onFocus={[Function]}
        type="radio"
        value="/graph-explorer/causal-exploration"
      />
      <span
        className="ant-radio-button-inner"
      />
    </span>
    <span>
      Causal Inference
    </span>
  </label>
</div>
`;

exports[`<GraphViewRadioNavigation /> renders correctly for route /graph-explorer/causal-exploration 1`] = `
<div
  className="ant-radio-group ant-radio-group-solid ant-radio-group-small"
>
  <label
    className="ant-radio-button-wrapper"
  >
    <span
      className="ant-radio-button"
      style={Object {}}
    >
      <input
        checked={false}
        className="ant-radio-button-input"
        onBlur={[Function]}
        onChange={[Function]}
        onFocus={[Function]}
        type="radio"
        value="/graph-explorer/selection"
      />
      <span
        className="ant-radio-button-inner"
      />
    </span>
    <span>
      Selection
    </span>
  </label>
  <label
    className="ant-radio-button-wrapper"
  >
    <span
      className="ant-radio-button"
      style={Object {}}
    >
      <input
        checked={false}
        className="ant-radio-button-input"
        onBlur={[Function]}
        onChange={[Function]}
        onFocus={[Function]}
        type="radio"
        value="/graph-explorer/annotate"
      />
      <span
        className="ant-radio-button-inner"
      />
    </span>
    <span>
      Expl. & Valid.
    </span>
  </label>
  <label
    className="ant-radio-button-wrapper ant-radio-button-wrapper-checked"
  >
    <span
      className="ant-radio-button ant-radio-button-checked"
      style={Object {}}
    >
      <input
        checked={true}
        className="ant-radio-button-input"
        onBlur={[Function]}
        onChange={[Function]}
        onFocus={[Function]}
        type="radio"
        value="/graph-explorer/causal-exploration"
      />
      <span
        className="ant-radio-button-inner"
      />
    </span>
    <span>
      Causal Inference
    </span>
  </label>
</div>
`;

exports[`<GraphViewRadioNavigation /> renders correctly for route /graph-explorer/selection 1`] = `
<div
  className="ant-radio-group ant-radio-group-solid ant-radio-group-small"
>
  <label
    className="ant-radio-button-wrapper ant-radio-button-wrapper-checked"
  >
    <span
      className="ant-radio-button ant-radio-button-checked"
      style={Object {}}
    >
      <input
        checked={true}
        className="ant-radio-button-input"
        onBlur={[Function]}
        onChange={[Function]}
        onFocus={[Function]}
        type="radio"
        value="/graph-explorer/selection"
      />
      <span
        className="ant-radio-button-inner"
      />
    </span>
    <span>
      Selection
    </span>
  </label>
  <label
    className="ant-radio-button-wrapper"
  >
    <span
      className="ant-radio-button"
      style={Object {}}
    >
      <input
        checked={false}
        className="ant-radio-button-input"
        onBlur={[Function]}
        onChange={[Function]}
        onFocus={[Function]}
        type="radio"
        value="/graph-explorer/annotate"
      />
      <span
        className="ant-radio-button-inner"
      />
    </span>
    <span>
      Expl. & Valid.
    </span>
  </label>
  <label
    className="ant-radio-button-wrapper"
  >
    <span
      className="ant-radio-button"
      style={Object {}}
    >
      <input
        checked={false}
        className="ant-radio-button-input"
        onBlur={[Function]}
        onChange={[Function]}
        onFocus={[Function]}
        type="radio"
        value="/graph-explorer/causal-exploration"
      />
      <span
        className="ant-radio-button-inner"
      />
    </span>
    <span>
      Causal Inference
    </span>
  </label>
</div>
`;
