// Jest Snapshot v1, https://goo.gl/fbAQLP

exports[`<GraphNodeList /> renders correctly 1`] = `
<div
  style={
    Object {
      "backgroundColor": "#001529",
      "height": "100%",
    }
  }
>
  <ul
    className="ant-menu ant-menu-dark ant-menu-root ant-menu-vertical"
    onMouseEnter={[Function]}
    onTransitionEnd={[Function]}
    role="menu"
    style={Object {}}
  >
    <li
      className=" ant-menu-item-group"
    >
      <div
        className="ant-menu-item-group-title"
        title="Focused Nodes:"
      >
        Focused Nodes:
      </div>
      <ul
        className="ant-menu-item-group-list"
      >
        <li
          className="ant-menu-item"
          onClick={[Function]}
          onMouseEnter={[Function]}
          onMouseLeave={[Function]}
          role="menuitem"
          style={Object {}}
        >
          <div
            className="ant-col ant-col-18"
            onClick={[Function]}
            style={
              Object {
                "overflow": "hidden",
              }
            }
          >
            <span
              onMouseEnter={[Function]}
              onMouseLeave={[Function]}
            >
              node1
            </span>
          </div>
        </li>
        <li
          className="ant-menu-item"
          onClick={[Function]}
          onMouseEnter={[Function]}
          onMouseLeave={[Function]}
          role="menuitem"
          style={Object {}}
        >
          <div
            className="ant-col ant-col-18"
            onClick={[Function]}
            style={
              Object {
                "overflow": "hidden",
              }
            }
          >
            <span
              onMouseEnter={[Function]}
              onMouseLeave={[Function]}
            >
              node2
            </span>
          </div>
        </li>
        <li
          className="ant-menu-item"
          onClick={[Function]}
          onMouseEnter={[Function]}
          onMouseLeave={[Function]}
          role="menuitem"
          style={Object {}}
        >
          <div
            className="ant-col ant-col-18"
            onClick={[Function]}
            style={
              Object {
                "overflow": "hidden",
              }
            }
          >
            <span
              onMouseEnter={[Function]}
              onMouseLeave={[Function]}
            >
              node3
            </span>
          </div>
        </li>
      </ul>
    </li>
  </ul>
</div>
`;
