// Jest Snapshot v1, https://goo.gl/fbAQLP

exports[`<ListElementExperiment /> renders correctly 1`] = `
<div>
  <div
    className="ant-list-item"
  >
    <div
      className="ant-list-item-content ant-list-item-content-single"
    >
      <div
        className="ant-card Card ant-card-bordered"
      >
        <div
          className="ant-card-head"
          style={Object {}}
        >
          <div
            className="ant-card-head-wrapper"
          >
            <div
              className="ant-card-head-title"
            >
              <div>
                <button
                  className="Card-Title"
                  onClick={[Function]}
                >
                  Test Title
                </button>
                <span
                  className="Card-Badge ant-badge ant-badge-status ant-badge-not-a-wrapper"
                >
                  <span
                    className="ant-badge-status-dot ant-badge-status-success"
                  />
                  <span
                    className="ant-badge-status-text"
                  >
                    done
                  </span>
                </span>
              </div>
            </div>
          </div>
        </div>
        <div
          className="ant-card-body"
          style={Object {}}
        >
          <p
            className="Card-Content Experiment-Content"
          >
            Test Content
          </p>
          <div>
            <button
              className="ant-btn List-Buttons ant-dropdown-trigger ant-btn-icon-only"
              onClick={[Function]}
              onMouseEnter={[Function]}
              onMouseLeave={[Function]}
              type="button"
            >
              <i
                className="anticon anticon-ellipsis"
              >
                <svg
                  aria-hidden="true"
                  className=""
                  data-icon="ellipsis"
                  fill="currentColor"
                  height="1em"
                  viewBox="64 64 896 896"
                  width="1em"
                >
                  <path
                    d="M176 511a56 56 0 1 0 112 0 56 56 0 1 0-112 0zm280 0a56 56 0 1 0 112 0 56 56 0 1 0-112 0zm280 0a56 56 0 1 0 112 0 56 56 0 1 0-112 0z"
                  />
                </svg>
              </i>
            </button>
            <button
              className="ant-btn List-Buttons ant-btn-primary ant-btn-background-ghost"
              disabled={false}
              onClick={[Function]}
              type="button"
            >
              <span>
                Explore
              </span>
            </button>
            <button
              className="ant-btn List-Buttons ant-btn-primary ant-btn-background-ghost"
              onClick={[Function]}
              type="button"
            >
              <span>
                Run
              </span>
            </button>
          </div>
        </div>
      </div>
    </div>
  </div>
</div>
`;
